// Jest Snapshot v1, https://goo.gl/fbAQLP

exports[`IndexPage renders component 1`] = `
<Layout>
  <csx__IndexWrapper>
    <Padded
      space="p4"
    >
      <csx__Logo>
        Max Clayton Clowes
      </csx__Logo>
    </Padded>
    <csx__Columns>
      <csx__ContentsWrapper>
        <Post
          key="0"
          post={
            Object {
              "description": "Another good ol description",
              "id": "56c31326-af74-4be9-ab2f-285f47467be6",
              "image": Object {
                "file": Object {
                  "url": "some-url.com",
                },
              },
              "publishingDate": "Wed Mar 11 2020 18:34:30 GMT+0000 (Greenwich Mean Time)",
              "title": "Dummy Post 2",
            }
          }
        />
        <Post
          key="1"
          post={
            Object {
              "description": "A nice description",
              "externalLink": "some-other-url.com",
              "id": "f0c15b3f-c067-450c-a684-78900c4866c1",
              "image": Object {
                "file": Object {
                  "url": "some-url.com",
                },
              },
              "publishingDate": "Wed Mar 10 2020 18:34:30 GMT+0000 (Greenwich Mean Time)",
              "title": "Dummy Post 1",
            }
          }
        />
      </csx__ContentsWrapper>
      <csx__ContentsWrapper>
        <Padded
          space="p4"
        >
          <csx__ContentWrapper
            sticky={true}
          >
            <csx__Links>
              <a
                href="mailto:maxcc@me.com"
                key="0"
              >
                Email
              </a>
              <a
                href="https://calendly.com/mcclowes"
                key="1"
              >
                Book time with me
              </a>
              <a
                href="https://github.com/mcclowes"
                key="2"
              >
                Github
              </a>
              <a
                href="https://twitter.com/mcclowes"
                key="3"
              >
                Twitter
              </a>
              <a
                href="https://www.linkedin.com/in/maxclaytonclowes/"
                key="4"
              >
                LinkedIn
              </a>
              <a
                href="https://dribbble.com/mcclowes"
                key="5"
              >
                Dribbble
              </a>
              <a
                href="https://medium.com/@mcclowes"
                key="6"
              >
                Medium
              </a>
            </csx__Links>
          </csx__ContentWrapper>
        </Padded>
      </csx__ContentsWrapper>
    </csx__Columns>
  </csx__IndexWrapper>
</Layout>
`;
