// Jest Snapshot v1, https://goo.gl/fbAQLP

exports[`Dropdown interaction 1`] = `
<DropdownContainer
  placeholder="Default Dropdown"
>
  <Dropdown
    handleClick={[Function]}
    open={true}
    placeholder="Default Dropdown"
    setOpen={[Function]}
  >
    <csx__DropdownWrapper
      onClick={[Function]}
      theme={
        Object {
          "colors": Object {
            "gray": "#aaaaaa",
            "lightgray": "#eeeeee",
            "white": "#ffffff",
          },
          "sizes": Object {
            "border": Object {
              "radius": "3px",
            },
          },
        }
      }
    >
      <div
        className="csx__DropdownWrapper-sc-1epnltm-3 cTMelR"
        onClick={[Function]}
      >
        <csx__DropdownPlaceholder
          open={true}
          theme={
            Object {
              "colors": Object {
                "gray": "#aaaaaa",
              },
            }
          }
        >
          <div
            className="csx__DropdownPlaceholder-sc-1epnltm-0 fBkXtc"
            open={true}
          >
            Default Dropdown
            <Icon
              icon="DOWN"
            >
              <csx__IconWrapper
                focusable="false"
                theme={
                  Object {
                    "colors": Object {
                      "black": "#333",
                    },
                  }
                }
                viewBox="0 0 32 32"
              >
                <svg
                  className="csx__IconWrapper-sc-1hrbkrj-0 gePOIQ"
                  focusable="false"
                  viewBox="0 0 32 32"
                >
                  <path
                    d="M3.75,6.13,16,18.38,28.25,6.13,32,9.87l-16,16L0,9.87Z"
                  />
                </svg>
              </csx__IconWrapper>
            </Icon>
          </div>
        </csx__DropdownPlaceholder>
      </div>
    </csx__DropdownWrapper>
  </Dropdown>
</DropdownContainer>
`;
