// Jest Snapshot v1, https://goo.gl/fbAQLP

exports[`Text Header renders default component 1`] = `
<p
  className="csx__Paragraph-sc-341xk0-1 gSPveT"
>
  Some text goes here
</p>
`;

exports[`Text Text renders default component 1`] = `
<p
  className="csx__Paragraph-sc-341xk0-1 gSPveT"
>
  Some text goes here
</p>
`;

exports[`Text Text renders default component 2`] = `
<p
  className="csx__Paragraph-sc-341xk0-1 gSPveT"
>
  Some text goes here
</p>
`;

exports[`Text renders default component 1`] = `
<p
  className="csx__Paragraph-sc-341xk0-1 gSPveT"
>
  Some text goes here
</p>
`;
